Different file paths.

0) /foo/file.log
1) /foo/file-1.log
2) /foo/file-0001.log
3) /foo/file-{foo}.log
4) /{foo}/file-1.log
5) /foo/file-001.log
6) /foo/1234-file-1234.log
7) /foo/file-{in dex}.log
8) /foo/file-{in@dex}.log
