Separate key

0) ['BB']
1) ['ALT', 'B']
2) ['A', 'B', 'C']
3) ['A', '+']
4) ['A', '+']
5) ['A', '+', 'C']
6) ['+']
7) ['+']
8) ['+', '+']
