index

0) Index(js=-1, arg=-1)
1) Index(js=-1, arg=-1)
2) Index(js=-1, arg=-1)
3) Index(js=0, arg=-1)
4) Index(js=-1, arg=2)
5) Index(js=-1, arg=-1)
6) Index(js=-1, arg=-1)
7) Index(js=0, arg=3)
8) Index(js=0, arg=-1)
9) Index(js=1, arg=0)
10) Index(js=0, arg=3)
11) Index(js=3, arg=0)
12) Index(js=-1, arg=-1)
13) Index(js=-1, arg=-1)
14) Index(js=0, arg=-1)
