JavaScript code was found not found in `code` argument.