Selenium options escape string to dict

0) ['--proxy-server=66.97.38.58:80']
1) ['arg1', 'arg2']
2) ['arg1']
