Selenium options string to dict

0) [{'method': ['arg1']}]
1) [{'method': ['arg1', 'arg2']}]
2) [{'method': [True]}]
3) [{'method': [1]}]
4) [{'method': ['arg1', 2, None, False, 'arg2']}]
5) [{'method': [' arg1 ', 2, None, False, ' arg2 ']}]
6) [{'attribute': ['arg1']}]
7) [{'attribute': [True]}]
8) [{'method': ['arg1']}, {'attribute': [True]}]
9) [{'method': ['arg1']}, {'attribute': [True]}, {'method': ['arg2']}]
