Selenium options

0) {'profile.default_content_settings.popups': 0}
