Selenium options with string.

0) ['--proxy-server=66.97.38.58:80']
