Selenium options

0) ['--disable-dev-shm-usage']
1) ['--disable-dev-shm-usage', '--headless']
2) ['--disable-dev-shm-usage', '--headless', '--proxy-server=66.97.38.58:80']
3) setattr
4) ['--disable-dev-shm-usage']
5) None
