Selenium options with android

0) [[], {'androidPackage': 'com.android.chrome'}]
