Parse complex Python object

0) {'method': [{'key': 'value'}]}
1) {'attribute': [{'key': 'value'}]}
2) {'attribute': [('value1', 'value2')]}
3) {'method': ['foo', {'key': 'value'}]}
